[2m10:54:48 AM[22m [31m[1m[vite][22m[39m [31mInternal server error: C:\Users\reabe\Desktop\E-Commerce System\SOTWARE TESTING\web\src\pages\AdminPage.jsx: Adjacent JSX elements must be wrapped in an enclosing tag. Did you want a JSX fragment <>...</>? (815:4)

[0m [90m 813 |[31m         [33m<[31m[33m/[31m[33mdiv[31m[33m>[31m
 [90m 814 |[31m       [33m<[31m[33m/[31m[33msection[31m[33m>[31m
[31m[1m>[22m[31m[90m 815 |[31m     [33m<[31m[33m/[31m[33m>[31m
 [90m     |[31m     [31m[1m^[22m[31m
 [90m 816 |[31m   )[33m;[31m
 [90m 817 |[31m }
 [90m 818 |[31m[0m[39m
  Plugin: [35mvite:react-babel[39m
  File: [36mC:/Users/reabe/Desktop/E-Commerce System/SOTWARE TESTING/web/src/pages/AdminPage.jsx[39m:815:4
[33m  813|          </div>
  814|        </section>
  815|      </>
     |      ^
  816|    );
  817|  }[39m
      at constructor (C:\Users\reabe\Desktop\E-Commerce System\SOTWARE TESTING\web\node_modules\@babel\parser\lib\index.js:365:19)
      at JSXParserMixin.raise (C:\Users\reabe\Desktop\E-Commerce System\SOTWARE TESTING\web\node_modules\@babel\parser\lib\index.js:6599:19)
      at JSXParserMixin.jsxParseElementAt (C:\Users\reabe\Desktop\E-Commerce System\SOTWARE TESTING\web\node_modules\@babel\parser\lib\index.js:4742:18)
      at JSXParserMixin.jsxParseElement (C:\Users\reabe\Desktop\E-Commerce System\SOTWARE TESTING\web\node_modules\@babel\parser\lib\index.js:4749:17)
      at JSXParserMixin.parseExprAtom (C:\Users\reabe\Desktop\E-Commerce System\SOTWARE TESTING\web\node_modules\@babel\parser\lib\index.js:4759:19)
      at JSXParserMixin.parseExprSubscripts (C:\Users\reabe\Desktop\E-Commerce System\SOTWARE TESTING\web\node_modules\@babel\parser\lib\index.js:11081:23)
      at JSXParserMixin.parseUpdate (C:\Users\reabe\Desktop\E-Commerce System\SOTWARE TESTING\web\node_modules\@babel\parser\lib\index.js:11066:21)
      at JSXParserMixin.parseMaybeUnary (C:\Users\reabe\Desktop\E-Commerce System\SOTWARE TESTING\web\node_modules\@babel\parser\lib\index.js:11046:23)
      at JSXParserMixin.parseMaybeUnaryOrPrivate (C:\Users\reabe\Desktop\E-Commerce System\SOTWARE TESTING\web\node_modules\@babel\parser\lib\index.js:10899:61)
      at JSXParserMixin.parseExprOps (C:\Users\reabe\Desktop\E-Commerce System\SOTWARE TESTING\web\node_modules\@babel\parser\lib\index.js:10904:23)
      at JSXParserMixin.parseMaybeConditional (C:\Users\reabe\Desktop\E-Commerce System\SOTWARE TESTING\web\node_modules\@babel\parser\lib\index.js:10881:23)
      at JSXParserMixin.parseMaybeAssign (C:\Users\reabe\Desktop\E-Commerce System\SOTWARE TESTING\web\node_modules\@babel\parser\lib\index.js:10831:21)
      at C:\Users\reabe\Desktop\E-Commerce System\SOTWARE TESTING\web\node_modules\@babel\parser\lib\index.js:10800:39
      at JSXParserMixin.allowInAnd (C:\Users\reabe\Desktop\E-Commerce System\SOTWARE TESTING\web\node_modules\@babel\parser\lib\index.js:12426:12)
      at JSXParserMixin.parseMaybeAssignAllowIn (C:\Users\reabe\Desktop\E-Commerce System\SOTWARE TESTING\web\node_modules\@babel\parser\lib\index.js:10800:17)
      at JSXParserMixin.parseMaybeAssignAllowInOrVoidPattern (C:\Users\reabe\Desktop\E-Commerce System\SOTWARE TESTING\web\node_modules\@babel\parser\lib\index.js:12493:17)
      at JSXParserMixin.parseParenAndDistinguishExpression (C:\Users\reabe\Desktop\E-Commerce System\SOTWARE TESTING\web\node_modules\@babel\parser\lib\index.js:11675:28)
      at JSXParserMixin.parseExprAtom (C:\Users\reabe\Desktop\E-Commerce System\SOTWARE TESTING\web\node_modules\@babel\parser\lib\index.js:11331:23)
      at JSXParserMixin.parseExprAtom (C:\Users\reabe\Desktop\E-Commerce System\SOTWARE TESTING\web\node_modules\@babel\parser\lib\index.js:4764:20)
      at JSXParserMixin.parseExprSubscripts (C:\Users\reabe\Desktop\E-Commerce System\SOTWARE TESTING\web\node_modules\@babel\parser\lib\index.js:11081:23)
      at JSXParserMixin.parseUpdate (C:\Users\reabe\Desktop\E-Commerce System\SOTWARE TESTING\web\node_modules\@babel\parser\lib\index.js:11066:21)
      at JSXParserMixin.parseMaybeUnary (C:\Users\reabe\Desktop\E-Commerce System\SOTWARE TESTING\web\node_modules\@babel\parser\lib\index.js:11046:23)
      at JSXParserMixin.parseMaybeUnaryOrPrivate (C:\Users\reabe\Desktop\E-Commerce System\SOTWARE TESTING\web\node_modules\@babel\parser\lib\index.js:10899:61)
      at JSXParserMixin.parseExprOpBaseRightExpr (C:\Users\reabe\Desktop\E-Commerce System\SOTWARE TESTING\web\node_modules\@babel\parser\lib\index.js:10986:34)
      at JSXParserMixin.parseExprOpRightExpr (C:\Users\reabe\Desktop\E-Commerce System\SOTWARE TESTING\web\node_modules\@babel\parser\lib\index.js:10981:21)
      at JSXParserMixin.parseExprOp (C:\Users\reabe\Desktop\E-Commerce System\SOTWARE TESTING\web\node_modules\@babel\parser\lib\index.js:10947:27)
      at JSXParserMixin.parseExprOps (C:\Users\reabe\Desktop\E-Commerce System\SOTWARE TESTING\web\node_modules\@babel\parser\lib\index.js:10908:17)
      at JSXParserMixin.parseMaybeConditional (C:\Users\reabe\Desktop\E-Commerce System\SOTWARE TESTING\web\node_modules\@babel\parser\lib\index.js:10881:23)
      at JSXParserMixin.parseMaybeAssign (C:\Users\reabe\Desktop\E-Commerce System\SOTWARE TESTING\web\node_modules\@babel\parser\lib\index.js:10831:21)
      at JSXParserMixin.parseExpressionBase (C:\Users\reabe\Desktop\E-Commerce System\SOTWARE TESTING\web\node_modules\@babel\parser\lib\index.js:10784:23)
      at C:\Users\reabe\Desktop\E-Commerce System\SOTWARE TESTING\web\node_modules\@babel\parser\lib\index.js:10780:39
      at JSXParserMixin.allowInAnd (C:\Users\reabe\Desktop\E-Commerce System\SOTWARE TESTING\web\node_modules\@babel\parser\lib\index.js:12426:12)
      at JSXParserMixin.parseExpression (C:\Users\reabe\Desktop\E-Commerce System\SOTWARE TESTING\web\node_modules\@babel\parser\lib\index.js:10780:17)
      at JSXParserMixin.jsxParseExpressionContainer (C:\Users\reabe\Desktop\E-Commerce System\SOTWARE TESTING\web\node_modules\@babel\parser\lib\index.js:4632:31)
      at JSXParserMixin.jsxParseElementAt (C:\Users\reabe\Desktop\E-Commerce System\SOTWARE TESTING\web\node_modules\@babel\parser\lib\index.js:4711:36)
      at JSXParserMixin.jsxParseElement (C:\Users\reabe\Desktop\E-Commerce System\SOTWARE TESTING\web\node_modules\@babel\parser\lib\index.js:4749:17)
      at JSXParserMixin.parseExprAtom (C:\Users\reabe\Desktop\E-Commerce System\SOTWARE TESTING\web\node_modules\@babel\parser\lib\index.js:4759:19)
      at JSXParserMixin.parseExprSubscripts (C:\Users\reabe\Desktop\E-Commerce System\SOTWARE TESTING\web\node_modules\@babel\parser\lib\index.js:11081:23)
      at JSXParserMixin.parseUpdate (C:\Users\reabe\Desktop\E-Commerce System\SOTWARE TESTING\web\node_modules\@babel\parser\lib\index.js:11066:21)
      at JSXParserMixin.parseMaybeUnary (C:\Users\reabe\Desktop\E-Commerce System\SOTWARE TESTING\web\node_modules\@babel\parser\lib\index.js:11046:23)
      at JSXParserMixin.parseMaybeUnaryOrPrivate (C:\Users\reabe\Desktop\E-Commerce System\SOTWARE TESTING\web\node_modules\@babel\parser\lib\index.js:10899:61)
      at JSXParserMixin.parseExprOps (C:\Users\reabe\Desktop\E-Commerce System\SOTWARE TESTING\web\node_modules\@babel\parser\lib\index.js:10904:23)
      at JSXParserMixin.parseMaybeConditional (C:\Users\reabe\Desktop\E-Commerce System\SOTWARE TESTING\web\node_modules\@babel\parser\lib\index.js:10881:23)
      at JSXParserMixin.parseMaybeAssign (C:\Users\reabe\Desktop\E-Commerce System\SOTWARE TESTING\web\node_modules\@babel\parser\lib\index.js:10831:21)
      at C:\Users\reabe\Desktop\E-Commerce System\SOTWARE TESTING\web\node_modules\@babel\parser\lib\index.js:10800:39
      at JSXParserMixin.allowInAnd (C:\Users\reabe\Desktop\E-Commerce System\SOTWARE TESTING\web\node_modules\@babel\parser\lib\index.js:12426:12)
      at JSXParserMixin.parseMaybeAssignAllowIn (C:\Users\reabe\Desktop\E-Commerce System\SOTWARE TESTING\web\node_modules\@babel\parser\lib\index.js:10800:17)
      at JSXParserMixin.parseMaybeAssignAllowInOrVoidPattern (C:\Users\reabe\Desktop\E-Commerce System\SOTWARE TESTING\web\node_modules\@babel\parser\lib\index.js:12493:17)
      at JSXParserMixin.parseParenAndDistinguishExpression (C:\Users\reabe\Desktop\E-Commerce System\SOTWARE TESTING\web\node_modules\@babel\parser\lib\index.js:11675:28)
      at JSXParserMixin.parseExprAtom (C:\Users\reabe\Desktop\E-Commerce System\SOTWARE TESTING\web\node_modules\@babel\parser\lib\index.js:11331:23)
